api\src\Vivido.Api\Properties\launchSettings.json içindeki başlatma ayarları kullanılıyor...
Derleniyor...
[16:12:08 INF] User profile is available. Using 'C:\Users\okan\AppData\Local\ASP.NET\DataProtection-Keys' as key repository and Windows DPAPI to encrypt keys at rest.
[16:12:08 INF] Now listening on: http://localhost:5013
[16:12:08 INF] Application started. Press Ctrl+C to shut down.
[16:12:08 INF] Hosting environment: Development
[16:12:08 INF] Content root path: C:\Users\okan\vivido\vivido\api\src\Vivido.Api
[16:12:09 INF] Request starting HTTP/1.1 GET http://localhost:5013/health/live - null null
[16:12:09 INF] Executing endpoint 'Health checks'
[16:12:10 INF] Executed endpoint 'Health checks'
[16:12:10 INF] HTTP GET /health/live responded 200 in 149.6464 ms
[16:12:10 INF] Request finished HTTP/1.1 GET http://localhost:5013/health/live - 200 null text/plain 207.2536ms
[16:12:14 INF] Request starting HTTP/1.1 GET http://localhost:5013/swagger/v1/swagger.json - null null
[16:12:14 INF] Request finished HTTP/1.1 GET http://localhost:5013/swagger/v1/swagger.json - 200 null application/json;charset=utf-8 63.0368ms
[16:12:25 INF] Request starting HTTP/1.1 POST http://localhost:5013/api/v1/auth/login - application/json 52
[16:12:25 INF] Executing endpoint 'Vivido.Api.Controllers.AuthController.Login (Vivido.Api)'
[16:12:25 INF] Route matched with {action = "Login", controller = "Auth"}. Executing controller action with signature System.Threading.Tasks.Task`1[Microsoft.AspNetCore.Mvc.IActionResult] Login(Vivido.Api.DTOs.Auth.LoginRequest) on controller Vivido.Api.Controllers.AuthController (Vivido.Api).
[16:12:26 INF] Executed DbCommand (14ms) [Parameters=[@request_Email='?'], CommandType='Text', CommandTimeout='30']
SELECT u.id, u.created_at, u.display_name, u.email, u.password_hash
FROM users AS u
WHERE u.email = @request_Email
LIMIT 2
[16:12:26 INF] Executing UnauthorizedObjectResult, writing value of type '<>f__AnonymousType1`4[[System.String, System.Private.CoreLib, Version=10.0.0.0, Culture=neutral, PublicKeyToken=7cec85d7bea7798e],[System.String, System.Private.CoreLib, Version=10.0.0.0, Culture=neutral, PublicKeyToken=7cec85d7bea7798e],[System.Int32, System.Private.CoreLib, Version=10.0.0.0, Culture=neutral, PublicKeyToken=7cec85d7bea7798e],[System.String, System.Private.CoreLib, Version=10.0.0.0, Culture=neutral, PublicKeyToken=7cec85d7bea7798e]]'.
[16:12:26 INF] Executed action Vivido.Api.Controllers.AuthController.Login (Vivido.Api) in 1054.7648ms
[16:12:26 INF] Executed endpoint 'Vivido.Api.Controllers.AuthController.Login (Vivido.Api)'
[16:12:26 INF] HTTP POST /api/v1/auth/login responded 401 in 1071.7862 ms
[16:12:26 INF] Request finished HTTP/1.1 POST http://localhost:5013/api/v1/auth/login - 401 null application/json; charset=utf-8 1077.6398ms
